// Jest Snapshot v1, https://goo.gl/fbAQLP

exports[`<Label> renders correctly 1`] = `
<label
  className="sc-bwzfXH fQKLWK sc-bdVaJa bRICED"
  for="test"
>
  Label
</label>
`;
